
Total record read  11
Total records processed  10
Total error records  1
Total record read  11
Total records processed  10
Total error records  1
Total record read  11
Total records processed  10
Total error records  1
Total record read  11
Total records processed  10
Total error records  1
Total record read  11
Total records processed  10
Total error records  1
Total record read  11
Total records processed  10
Total error records  1
Total record read  11
Total records processed  10
Total error records  1
Total record read  11
Total records processed  10
Total error records  1
Total record read  11
Total records processed  10
Total error records  1
Total record read  11
Total records processed  10
Total error records  1
Total record read  11
Total records processed  10
Total error records  1
Total record read  11
Total records processed  10
Total error records  1
Total record read  1
Total records processed  1
Total error records  0
Total record read  1
Total records processed  1
Total error records  0
Total record read  1
Total records processed  1
Total error records  0
Total record read  1
Total records processed  1
Total error records  0
Total record read  15
Total records processed  14
Total error records  1
Total record read  15
Total records processed  14
Total error records  1
Total record read  15
Total records processed  14
Total error records  1
Total record read  15
Total records processed  14
Total error records  1
Total record read  15
Total records processed  14
Total error records  1
Total record read  15
Total records processed  14
Total error records  1